// Jest Snapshot v1, https://goo.gl/fbAQLP

exports[`<Pagination/> renders pagination for 20 items 1`] = `
<div
  className="PaginationStyles-rkhbcq-0 jcHnJE"
  data-test="pagination"
>
  <Head>
    <Component
      handleStateChange={null}
      inAmpMode={false}
      reduceComponentsToState={[Function]}
    />
  </Head>
  <Link
    href={
      Object {
        "pathname": "items",
        "query": Object {
          "page": 0,
        },
      }
    }
    prefetch={true}
  >
    <a
      aria-disabled={true}
      className="prev"
      href="items?page=0"
      onClick={[Function]}
      onMouseEnter={[Function]}
    >
      Prev
    </a>
  </Link>
  <p>
    Page 
    1
     of 
    5
  </p>
  <p>
    20
     Items Total
  </p>
  <Link
    href={
      Object {
        "pathname": "items",
        "query": Object {
          "page": 2,
        },
      }
    }
    prefetch={true}
  >
    <a
      aria-disabled={false}
      className="next"
      href="items?page=2"
      onClick={[Function]}
      onMouseEnter={[Function]}
    >
      Next
    </a>
  </Link>
</div>
`;
