// Jest Snapshot v1, https://goo.gl/fbAQLP

exports[`<RemoveFromCart/> renders and matches the snapshot 1`] = `
<button
  className="RemoveFromCart__RemoveButton-wkyl42-0 iijiOR"
  disabled={false}
  onClick={[Function]}
  title="Delete Item"
>
  x
</button>
`;
